// Jest Snapshot v1, https://goo.gl/fbAQLP

exports[`matches snapshot 1`] = `
<div
  className="css-u7c6m7"
>
  <h3
    className="elevation"
  >
    1200
  </h3>
</div>
`;
